 id |  name  
----+--------
  1 | name-1
(1 row)

