 id |  name   
----+---------
 51 | name-51
 52 | name-52
 53 | name-53
 54 | name-54
 55 | name-55
 56 | name-56
 57 | name-57
 58 | name-58
 59 | name-59
 60 | name-60
(10 rows)

